// Jest Snapshot v1, https://goo.gl/fbAQLP

exports[`<Row /> matches snapshot 1`] = `
<DocumentFragment>
  <div
    class="row"
  >
    children
  </div>
</DocumentFragment>
`;
