// Jest Snapshot v1, https://goo.gl/fbAQLP

exports[`Alert Snapshot 1`] = `
<DocumentFragment>
  <div
    class="alert alert-primary"
    role="alert"
  >
    children
  </div>
</DocumentFragment>
`;
