// Jest Snapshot v1, https://goo.gl/fbAQLP

exports[`<Input /> matches snapshot 1`] = `
<DocumentFragment>
  <input
    class="form-control"
    type="text"
  />
</DocumentFragment>
`;
