// Jest Snapshot v1, https://goo.gl/fbAQLP

exports[`<App /> matches snapshot 1`] = `
<DocumentFragment>
  <div
    class="container"
  >
    <div
      class="row"
    >
      <div
        class="mt-3"
      >
        <div
          class="alert alert-warning"
          role="alert"
        >
          Example input: EE
        </div>
        <div
          class="mt-3"
        >
          <input
            class="form-control"
            placeholder="Filter by country code"
            type="text"
          />
        </div>
        <hr />
        <div
          class="mt-3"
        >
          <div
            class="alert alert-dark"
            role="alert"
          >
            No data
          </div>
        </div>
        <div
          class="mt-3"
        >
          <div
            class="alert alert-primary"
            role="alert"
          >
            Data is loading
          </div>
        </div>
      </div>
    </div>
  </div>
</DocumentFragment>
`;
