// Jest Snapshot v1, https://goo.gl/fbAQLP

exports[`<Table /> matches snapshot 1`] = `
<DocumentFragment>
  <table
    class="table"
  >
    <thead>
      <tr>
        <th
          scope="col"
        >
          Index
        </th>
        <th
          scope="col"
        >
          name
        </th>
      </tr>
    </thead>
    <tbody>
      <tr>
        <th
          scope="row"
        >
          0
        </th>
        <td>
          value
        </td>
      </tr>
    </tbody>
  </table>
</DocumentFragment>
`;
