// Jest Snapshot v1, https://goo.gl/fbAQLP

exports[`TopSpacing Snapshot 1`] = `
<DocumentFragment>
  <div
    class="mt-3"
  >
    children
  </div>
</DocumentFragment>
`;
